#-----------------------------------------------------------
# Vivado v2018.2 (64-bit)
# SW Build 2258646 on Thu Jun 14 20:03:12 MDT 2018
# IP Build 2256618 on Thu Jun 14 22:10:49 MDT 2018
# Start of session at: Tue Jul  5 13:49:42 2022
# Process ID: 5008
# Current directory: C:/dataSandbox/Zedboard/GNSS_RX_ZedMB_runningVersionPreRebuild/GNSS_RX_ZedMB
# Command line: vivado.exe -gui_launcher_event rodinguilauncherevent11816 C:\dataSandbox\Zedboard\GNSS_RX_ZedMB_runningVersionPreRebuild\GNSS_RX_ZedMB\GNSS_RX_ZedMB.xpr
# Log file: C:/dataSandbox/Zedboard/GNSS_RX_ZedMB_runningVersionPreRebuild/GNSS_RX_ZedMB/vivado.log
# Journal file: C:/dataSandbox/Zedboard/GNSS_RX_ZedMB_runningVersionPreRebuild/GNSS_RX_ZedMB\vivado.jou
#-----------------------------------------------------------
start_gui
open_project C:/dataSandbox/Zedboard/GNSS_RX_ZedMB_runningVersionPreRebuild/GNSS_RX_ZedMB/GNSS_RX_ZedMB.xpr
update_compile_order -fileset sources_1
launch_sdk -workspace C:/dataSandbox/Zedboard/GNSS_RX_ZedMB_runningVersionPreRebuild/GNSS_RX_ZedMB/GNSS_RX_ZedMB.sdk -hwspec C:/dataSandbox/Zedboard/GNSS_RX_ZedMB_runningVersionPreRebuild/GNSS_RX_ZedMB/GNSS_RX_ZedMB.sdk/ZedMB_top.hdf
close_project
open_project C:/dataSandbox/Zedboard/GNSS_RX_ZedMB/GNSS_RX_ZedMB.xpr
update_compile_order -fileset sources_1
launch_sdk -workspace C:/dataSandbox/Zedboard/GNSS_RX_ZedMB/GNSS_RX_ZedMB.sdk -hwspec C:/dataSandbox/Zedboard/GNSS_RX_ZedMB/GNSS_RX_ZedMB.sdk/ZedMB_top.hdf
open_hw
connect_hw_server
open_hw_target
set_property PROGRAM.FILE {C:/dataSandbox/Zedboard/GNSS_RX_ZedMB/GNSS_RX_ZedMB.runs/impl_1/ZedMB_top.bit} [get_hw_devices xc7z020_1]
set_property PROBES.FILE {C:/dataSandbox/Zedboard/GNSS_RX_ZedMB/GNSS_RX_ZedMB.runs/impl_1/ZedMB_top.ltx} [get_hw_devices xc7z020_1]
set_property FULL_PROBES.FILE {C:/dataSandbox/Zedboard/GNSS_RX_ZedMB/GNSS_RX_ZedMB.runs/impl_1/ZedMB_top.ltx} [get_hw_devices xc7z020_1]
current_hw_device [get_hw_devices xc7z020_1]
refresh_hw_device [lindex [get_hw_devices xc7z020_1] 0]
set_property PROBES.FILE {C:/dataSandbox/Zedboard/GNSS_RX_ZedMB/GNSS_RX_ZedMB.runs/impl_1/ZedMB_top.ltx} [get_hw_devices xc7z020_1]
set_property FULL_PROBES.FILE {C:/dataSandbox/Zedboard/GNSS_RX_ZedMB/GNSS_RX_ZedMB.runs/impl_1/ZedMB_top.ltx} [get_hw_devices xc7z020_1]
set_property PROGRAM.FILE {C:/dataSandbox/Zedboard/GNSS_RX_ZedMB/GNSS_RX_ZedMB.runs/impl_1/ZedMB_top.bit} [get_hw_devices xc7z020_1]
program_hw_devices [get_hw_devices xc7z020_1]
refresh_hw_device [lindex [get_hw_devices xc7z020_1] 0]
display_hw_ila_data [ get_hw_ila_data hw_ila_data_1 -of_objects [get_hw_ilas -of_objects [get_hw_devices xc7z020_1] -filter {CELL_NAME=~"u_ila_0"}]]
run_hw_ila [get_hw_ilas -of_objects [get_hw_devices xc7z020_1] -filter {CELL_NAME=~"u_ila_0"}]
