17:03:10 **** Build of configuration Debug for project freertos10_xilinx_bsp_0_xuartlite_selftest_example_1 ****
make all 
'Building file: ../src/xuartlite_selftest_example.c'
'Invoking: MicroBlaze gcc compiler'
mb-gcc -Wall -O0 -g3 -c -fmessage-length=0 -MT"src/xuartlite_selftest_example.o" -I../../freertos10_xilinx_bsp_0/microblaze_0/include -mlittle-endian -mxl-barrel-shift -mxl-pattern-compare -mno-xl-soft-div -mcpu=v10.0 -mno-xl-soft-mul -mxl-multiply-high -Wl,--no-relax -ffunction-sections -fdata-sections -MMD -MP -MF"src/xuartlite_selftest_example.d" -MT"src/xuartlite_selftest_example.o" -o "src/xuartlite_selftest_example.o" "../src/xuartlite_selftest_example.c"
'Finished building: ../src/xuartlite_selftest_example.c'
' '
'Building target: freertos10_xilinx_bsp_0_xuartlite_selftest_example_1.elf'
'Invoking: MicroBlaze gcc linker'
mb-gcc -Wl,-T -Wl,../src/lscript.ld -L../../freertos10_xilinx_bsp_0/microblaze_0/lib -mlittle-endian -mxl-barrel-shift -mxl-pattern-compare -mno-xl-soft-div -mcpu=v10.0 -mno-xl-soft-mul -mxl-multiply-high -Wl,--no-relax -Wl,--gc-sections -o "freertos10_xilinx_bsp_0_xuartlite_selftest_example_1.elf"  ./src/xuartlite_selftest_example.o   -Wl,--start-group,-lxil,-lfreertos,-lgcc,-lc,--end-group
'Finished building target: freertos10_xilinx_bsp_0_xuartlite_selftest_example_1.elf'
' '
'Invoking: MicroBlaze Print Size'
mb-size freertos10_xilinx_bsp_0_xuartlite_selftest_example_1.elf  |tee "freertos10_xilinx_bsp_0_xuartlite_selftest_example_1.elf.size"
   text	   data	    bss	    dec	    hex	filename
  13692	   1488	   3604	  18784	   4960	freertos10_xilinx_bsp_0_xuartlite_selftest_example_1.elf
'Finished building: freertos10_xilinx_bsp_0_xuartlite_selftest_example_1.elf.size'
' '

17:03:11 Build Finished (took 1s.181ms)

