17:03:19 **** Build of configuration Debug for project hello ****
make all 
'Building file: ../src/helloworld.c'
'Invoking: MicroBlaze gcc compiler'
mb-gcc -Wall -O0 -g3 -c -fmessage-length=0 -MT"src/helloworld.o" -I../../hello_bsp/microblaze_0/include -mlittle-endian -mxl-barrel-shift -mxl-pattern-compare -mno-xl-soft-div -mcpu=v10.0 -mno-xl-soft-mul -mxl-multiply-high -Wl,--no-relax -ffunction-sections -fdata-sections -MMD -MP -MF"src/helloworld.d" -MT"src/helloworld.o" -o "src/helloworld.o" "../src/helloworld.c"
In file included from ../../hello_bsp/microblaze_0/include/xil_printf.h:12:0,
                 from ../src/helloworld.c:50:
../src/helloworld.c: In function 'main':
../../hello_bsp/microblaze_0/include/xparameters.h:567:30: warning: initialization makes pointer from integer without a cast [-Wint-conversion]
 #define XPAR_GPIO_0_BASEADDR 0x40000000
                              ^
../src/helloworld.c:66:29: note: in expansion of macro 'XPAR_GPIO_0_BASEADDR'
     unsigned int * gpio_p = XPAR_GPIO_0_BASEADDR;
                             ^~~~~~~~~~~~~~~~~~~~
../src/helloworld.c:66:20: warning: unused variable 'gpio_p' [-Wunused-variable]
     unsigned int * gpio_p = XPAR_GPIO_0_BASEADDR;
                    ^~~~~~
'Finished building: ../src/helloworld.c'
' '
'Building file: ../src/platform.c'
'Invoking: MicroBlaze gcc compiler'
mb-gcc -Wall -O0 -g3 -c -fmessage-length=0 -MT"src/platform.o" -I../../hello_bsp/microblaze_0/include -mlittle-endian -mxl-barrel-shift -mxl-pattern-compare -mno-xl-soft-div -mcpu=v10.0 -mno-xl-soft-mul -mxl-multiply-high -Wl,--no-relax -ffunction-sections -fdata-sections -MMD -MP -MF"src/platform.d" -MT"src/platform.o" -o "src/platform.o" "../src/platform.c"
'Finished building: ../src/platform.c'
' '
'Building target: hello.elf'
'Invoking: MicroBlaze gcc linker'
mb-gcc -Wl,-T -Wl,../src/lscript.ld -L../../hello_bsp/microblaze_0/lib -mlittle-endian -mxl-barrel-shift -mxl-pattern-compare -mno-xl-soft-div -mcpu=v10.0 -mno-xl-soft-mul -mxl-multiply-high -Wl,--no-relax -Wl,--gc-sections -o "hello.elf"  ./src/helloworld.o ./src/platform.o   -Wl,--start-group,-lxil,-lgcc,-lc,--end-group
'Finished building target: hello.elf'
' '
'Invoking: MicroBlaze Print Size'
mb-size hello.elf  |tee "hello.elf.size"
   text	   data	    bss	    dec	    hex	filename
  61208	   1548	   3172	  65928	  10188	hello.elf
'Finished building: hello.elf.size'
' '

17:03:21 Build Finished (took 1s.366ms)

